---
source: tests/stats.rs
expression: markdown
---
"Stats powered by [Git AI](https://github.com/git-ai-project/git-ai)\n\n```text\n🧠 you    ████████░░░░░░░░░░░░  38%\n🤝 mixed  ░░░░░░░░███░░░░░░░░░  15%\n🤖 ai     ░░░░░░░░░░░█████████  46%\n```\n\n<details>\n<summary>More stats</summary>\n\n- 1.7 lines generated for every 1 accepted\n- 25 seconds waiting for AI \n- Top model: cursor::claude-3.5-sonnet (6 accepted lines, 10 generated lines)\n\n</details>"
